127.0.0.1 - - [26/Jul/2019:10:05:59 +0900] "GET / HTTP/1.1" 404 1074
192.168.0.5 - - [26/Jul/2019:10:19:44 +0900] "POST /miniboard/community/community_insert.jsp HTTP/1.1" 200 149
192.168.0.5 - - [26/Jul/2019:10:36:32 +0900] "GET /server_data/list.json HTTP/1.1" 404 1099
127.0.0.1 - - [26/Jul/2019:10:41:34 +0900] "GET / HTTP/1.1" 404 1074
192.168.0.5 - - [26/Jul/2019:10:41:41 +0900] "POST /miniboard/community/community_insert.jsp HTTP/1.1" 200 23
192.168.0.5 - - [26/Jul/2019:10:51:15 +0900] "POST /miniboard/community/community_delete.jsp HTTP/1.1" 500 2989
192.168.0.5 - - [26/Jul/2019:10:52:10 +0900] "POST /miniboard/community/community_delete.jsp HTTP/1.1" 200 48
192.168.0.5 - - [26/Jul/2019:10:53:06 +0900] "POST /miniboard/community/community_delete.jsp HTTP/1.1" 200 48
192.168.0.5 - - [26/Jul/2019:10:58:31 +0900] "POST /miniboard/community/community_delete.jsp HTTP/1.1" 200 46
127.0.0.1 - - [26/Jul/2019:11:43:20 +0900] "GET / HTTP/1.1" 404 1074
0:0:0:0:0:0:0:1 - - [26/Jul/2019:11:43:22 +0900] "GET /miniboard/community/community_modify.jsp HTTP/1.1" 200 88
192.168.0.5 - - [26/Jul/2019:11:43:34 +0900] "POST /miniboard/community/community_delete.jsp HTTP/1.1" 200 48
0:0:0:0:0:0:0:1 - - [26/Jul/2019:11:45:22 +0900] "GET /miniboard/community/community_modify.jsp HTTP/1.1" 200 88
192.168.0.5 - - [26/Jul/2019:11:45:48 +0900] "POST /miniboard/community/community_modify.jsp HTTP/1.1" 200 88
0:0:0:0:0:0:0:1 - - [26/Jul/2019:11:46:03 +0900] "GET /miniboard/community/community_modify.jsp HTTP/1.1" 200 33
192.168.0.5 - - [26/Jul/2019:11:46:22 +0900] "POST /miniboard/community/community_modify.jsp HTTP/1.1" 200 33
127.0.0.1 - - [26/Jul/2019:11:47:09 +0900] "GET / HTTP/1.1" 404 1074
0:0:0:0:0:0:0:1 - - [26/Jul/2019:11:47:10 +0900] "GET /miniboard/community/community_modify.jsp HTTP/1.1" 200 33
192.168.0.5 - - [26/Jul/2019:11:48:04 +0900] "POST /miniboard/community/community_modify.jsp HTTP/1.1" 200 33
0:0:0:0:0:0:0:1 - - [26/Jul/2019:11:49:20 +0900] "GET /miniboard/community/community_modify.jsp HTTP/1.1" 200 33
0:0:0:0:0:0:0:1 - - [26/Jul/2019:11:49:45 +0900] "GET /miniboard/community/community_modify.jsp HTTP/1.1" 200 33
127.0.0.1 - - [26/Jul/2019:11:50:17 +0900] "GET / HTTP/1.1" 404 1074
0:0:0:0:0:0:0:1 - - [26/Jul/2019:11:50:18 +0900] "GET /miniboard/community/community_modify.jsp HTTP/1.1" 200 33
127.0.0.1 - - [26/Jul/2019:11:51:11 +0900] "GET / HTTP/1.1" 404 1074
192.168.0.5 - - [26/Jul/2019:11:51:19 +0900] "POST /miniboard/community/community_modify.jsp HTTP/1.1" 200 33
192.168.0.5 - - [26/Jul/2019:11:52:41 +0900] "POST /miniboard/community/community_modify.jsp HTTP/1.1" 200 31
127.0.0.1 - - [26/Jul/2019:12:17:12 +0900] "GET / HTTP/1.1" 404 1074
192.168.0.5 - - [26/Jul/2019:12:17:31 +0900] "POST /miniboard/community/community_modify.jsp HTTP/1.1" 200 41
192.168.0.5 - - [26/Jul/2019:12:18:01 +0900] "POST /miniboard/community/community_modify.jsp HTTP/1.1" 500 3002
192.168.0.5 - - [26/Jul/2019:12:20:43 +0900] "POST /miniboard/community/community_modify.jsp HTTP/1.1" 200 41
192.168.0.5 - - [26/Jul/2019:12:21:04 +0900] "POST /miniboard/community/community_modify.jsp HTTP/1.1" 200 41
192.168.0.5 - - [26/Jul/2019:12:21:12 +0900] "POST /miniboard/community/community_modify.jsp HTTP/1.1" 200 41
192.168.0.5 - - [26/Jul/2019:12:22:10 +0900] "POST /miniboard/community/community_modify.jsp HTTP/1.1" 500 3002
127.0.0.1 - - [26/Jul/2019:12:24:15 +0900] "GET / HTTP/1.1" 404 1074
192.168.0.5 - - [26/Jul/2019:12:24:23 +0900] "POST /miniboard/community/community_modify.jsp HTTP/1.1" 200 41
192.168.0.5 - - [26/Jul/2019:12:24:44 +0900] "POST /miniboard/community/community_modify.jsp HTTP/1.1" 200 41
127.0.0.1 - - [26/Jul/2019:12:25:16 +0900] "GET / HTTP/1.1" 404 1074
192.168.0.5 - - [26/Jul/2019:12:25:26 +0900] "POST /miniboard/community/community_modify.jsp HTTP/1.1" 200 41
192.168.0.5 - - [26/Jul/2019:12:37:41 +0900] "POST /miniboard/community/community_modify.jsp HTTP/1.1" 200 41
192.168.0.5 - - [26/Jul/2019:12:38:09 +0900] "POST /miniboard/community/community_modify.jsp HTTP/1.1" 200 41
192.168.0.5 - - [26/Jul/2019:12:38:54 +0900] "POST /miniboard/community/community_modify.jsp HTTP/1.1" 200 39
192.168.0.5 - - [26/Jul/2019:12:39:11 +0900] "POST /miniboard/community/community_modify.jsp HTTP/1.1" 200 39
192.168.0.5 - - [26/Jul/2019:12:39:38 +0900] "POST /miniboard/community/community_modify.jsp HTTP/1.1" 200 39
192.168.0.5 - - [26/Jul/2019:12:39:50 +0900] "POST /miniboard/community/community_modify.jsp HTTP/1.1" 200 39
192.168.0.5 - - [26/Jul/2019:12:39:58 +0900] "POST /miniboard/community/community_modify.jsp HTTP/1.1" 200 39
192.168.0.5 - - [26/Jul/2019:12:40:09 +0900] "POST /miniboard/community/community_modify.jsp HTTP/1.1" 200 39
192.168.0.5 - - [26/Jul/2019:12:40:22 +0900] "POST /miniboard/community/community_modify.jsp HTTP/1.1" 200 39
192.168.0.5 - - [26/Jul/2019:12:40:52 +0900] "POST /miniboard/community/community_modify.jsp HTTP/1.1" 200 41
192.168.0.5 - - [26/Jul/2019:12:40:59 +0900] "POST /miniboard/community/community_modify.jsp HTTP/1.1" 200 41
192.168.0.5 - - [26/Jul/2019:12:41:13 +0900] "POST /miniboard/community/community_modify.jsp HTTP/1.1" 200 39
127.0.0.1 - - [26/Jul/2019:14:35:20 +0900] "GET / HTTP/1.1" 404 1074
192.168.0.5 - - [26/Jul/2019:14:35:53 +0900] "POST /miniboard/community/community_list.jsp HTTP/1.1" 200 167
127.0.0.1 - - [26/Jul/2019:14:36:40 +0900] "GET / HTTP/1.1" 404 1074
192.168.0.5 - - [26/Jul/2019:14:36:46 +0900] "POST /miniboard/community/community_list.jsp HTTP/1.1" 200 41
192.168.0.5 - - [26/Jul/2019:14:37:09 +0900] "POST /miniboard/community/community_list.jsp HTTP/1.1" 200 41
127.0.0.1 - - [26/Jul/2019:14:37:19 +0900] "GET / HTTP/1.1" 404 1074
192.168.0.5 - - [26/Jul/2019:14:37:24 +0900] "POST /miniboard/community/community_list.jsp HTTP/1.1" 200 49
127.0.0.1 - - [26/Jul/2019:14:39:15 +0900] "GET / HTTP/1.1" 404 1074
192.168.0.5 - - [26/Jul/2019:14:39:20 +0900] "POST /miniboard/community/community_list.jsp HTTP/1.1" 200 49
192.168.0.5 - - [26/Jul/2019:14:40:09 +0900] "POST /miniboard/community/community_list.jsp HTTP/1.1" 200 49
127.0.0.1 - - [26/Jul/2019:14:41:17 +0900] "GET / HTTP/1.1" 404 1074
192.168.0.5 - - [26/Jul/2019:14:41:22 +0900] "POST /miniboard/community/community_list.jsp HTTP/1.1" 200 437
192.168.0.5 - - [26/Jul/2019:14:58:22 +0900] "POST /miniboard/community/community_select.jsp HTTP/1.1" 200 84
192.168.0.5 - - [26/Jul/2019:15:00:41 +0900] "POST /miniboard/community/community_select.jsp HTTP/1.1" 500 7954
192.168.0.5 - - [26/Jul/2019:15:02:16 +0900] "POST /miniboard/community/community_select.jsp HTTP/1.1" 200 84
127.0.0.1 - - [26/Jul/2019:15:23:58 +0900] "GET / HTTP/1.1" 404 1074
0:0:0:0:0:0:0:1 - - [26/Jul/2019:15:24:00 +0900] "GET /miniboard/community/community_select.jsp HTTP/1.1" 200 71
192.168.0.5 - - [26/Jul/2019:15:24:10 +0900] "POST /miniboard/community/community_select.jsp HTTP/1.1" 200 256
0:0:0:0:0:0:0:1 - - [26/Jul/2019:15:42:51 +0900] "GET /miniboard/input_com.html HTTP/1.1" 200 693
0:0:0:0:0:0:0:1 - - [26/Jul/2019:15:44:41 +0900] "GET /miniboard/input_com.html HTTP/1.1" 200 869
0:0:0:0:0:0:0:1 - - [26/Jul/2019:15:47:21 +0900] "GET /miniboard/input_com.html HTTP/1.1" 200 936
0:0:0:0:0:0:0:1 - - [26/Jul/2019:15:47:21 +0900] "GET /miniboard/join.css HTTP/1.1" 200 45
0:0:0:0:0:0:0:1 - - [26/Jul/2019:15:47:21 +0900] "GET /miniboard/input_com.html HTTP/1.1" 304 -
0:0:0:0:0:0:0:1 - - [26/Jul/2019:15:47:21 +0900] "GET /miniboard/join.css HTTP/1.1" 304 -
0:0:0:0:0:0:0:1 - - [26/Jul/2019:15:47:22 +0900] "GET /miniboard/input_com.html HTTP/1.1" 304 -
0:0:0:0:0:0:0:1 - - [26/Jul/2019:15:47:22 +0900] "GET /miniboard/join.css HTTP/1.1" 304 -
0:0:0:0:0:0:0:1 - - [26/Jul/2019:15:48:12 +0900] "GET /miniboard/join.css HTTP/1.1" 304 -
0:0:0:0:0:0:0:1 - - [26/Jul/2019:15:48:22 +0900] "GET /miniboard/input_com.html HTTP/1.1" 304 -
0:0:0:0:0:0:0:1 - - [26/Jul/2019:15:48:22 +0900] "GET /miniboard/join.css HTTP/1.1" 200 45
0:0:0:0:0:0:0:1 - - [26/Jul/2019:15:50:26 +0900] "GET /miniboard/input_com.html HTTP/1.1" 200 972
0:0:0:0:0:0:0:1 - - [26/Jul/2019:15:50:26 +0900] "GET /miniboard/css/join.css HTTP/1.1" 200 56
0:0:0:0:0:0:0:1 - - [26/Jul/2019:15:51:38 +0900] "GET /miniboard/input_com.html HTTP/1.1" 304 -
0:0:0:0:0:0:0:1 - - [26/Jul/2019:15:51:38 +0900] "GET /miniboard/css/join.css HTTP/1.1" 200 94
0:0:0:0:0:0:0:1 - - [26/Jul/2019:15:51:40 +0900] "GET /miniboard/input_com.html HTTP/1.1" 304 -
0:0:0:0:0:0:0:1 - - [26/Jul/2019:15:51:40 +0900] "GET /miniboard/css/join.css HTTP/1.1" 304 -
0:0:0:0:0:0:0:1 - - [26/Jul/2019:15:52:05 +0900] "GET /miniboard/input_com.html HTTP/1.1" 304 -
0:0:0:0:0:0:0:1 - - [26/Jul/2019:15:52:05 +0900] "GET /miniboard/css/join.css HTTP/1.1" 200 89
0:0:0:0:0:0:0:1 - - [26/Jul/2019:15:55:33 +0900] "GET /miniboard/input_com.html HTTP/1.1" 200 1010
0:0:0:0:0:0:0:1 - - [26/Jul/2019:15:55:33 +0900] "GET /miniboard/css/join.css HTTP/1.1" 200 112
0:0:0:0:0:0:0:1 - - [26/Jul/2019:15:56:13 +0900] "GET /miniboard/input_com.html HTTP/1.1" 304 -
0:0:0:0:0:0:0:1 - - [26/Jul/2019:15:56:13 +0900] "GET /miniboard/css/join.css HTTP/1.1" 200 144
0:0:0:0:0:0:0:1 - - [26/Jul/2019:15:59:03 +0900] "GET /miniboard/input_com.html HTTP/1.1" 200 1061
0:0:0:0:0:0:0:1 - - [26/Jul/2019:15:59:03 +0900] "GET /miniboard/css/join.css HTTP/1.1" 304 -
0:0:0:0:0:0:0:1 - - [26/Jul/2019:15:59:06 +0900] "GET /community/community_insert.jsp HTTP/1.1" 404 1108
0:0:0:0:0:0:0:1 - - [26/Jul/2019:16:01:03 +0900] "GET /community/community_insert.jsp HTTP/1.1" 404 1108
0:0:0:0:0:0:0:1 - - [26/Jul/2019:16:01:09 +0900] "GET /miniboard/input_com.html HTTP/1.1" 200 1056
0:0:0:0:0:0:0:1 - - [26/Jul/2019:16:01:09 +0900] "GET /miniboard/css/join.css HTTP/1.1" 304 -
0:0:0:0:0:0:0:1 - - [26/Jul/2019:16:02:22 +0900] "GET /community/community_insert.jsp HTTP/1.1" 404 1108
0:0:0:0:0:0:0:1 - - [26/Jul/2019:16:02:25 +0900] "GET /community/community_insert.jsp HTTP/1.1" 404 1108
0:0:0:0:0:0:0:1 - - [26/Jul/2019:16:02:26 +0900] "GET /community/community_insert.jsp HTTP/1.1" 404 1108
0:0:0:0:0:0:0:1 - - [26/Jul/2019:16:02:32 +0900] "GET /miniboard/input_com.html HTTP/1.1" 200 1066
0:0:0:0:0:0:0:1 - - [26/Jul/2019:16:02:32 +0900] "GET /miniboard/css/join.css HTTP/1.1" 304 -
0:0:0:0:0:0:0:1 - - [26/Jul/2019:16:02:37 +0900] "GET /miniboard/community/community_insert.jsp HTTP/1.1" 200 25
0:0:0:0:0:0:0:1 - - [26/Jul/2019:16:04:03 +0900] "GET /miniboard/input_com.html HTTP/1.1" 200 1146
0:0:0:0:0:0:0:1 - - [26/Jul/2019:16:04:03 +0900] "GET /miniboard/css/join.css HTTP/1.1" 304 -
0:0:0:0:0:0:0:1 - - [26/Jul/2019:16:04:19 +0900] "GET /miniboard/community/community_insert.jsp?user_name=%EC%B1%84%EB%AF%BC%EA%B2%BD&user_pwd=1234&email=cmk33@&subject=%EB%AF%BC%EA%B2%BD&subject=%E3%85%87%E3%85%87%E3%85%87%E3%85%87%E3%85%87 HTTP/1.1" 200 25
0:0:0:0:0:0:0:1 - - [26/Jul/2019:16:05:59 +0900] "GET /miniboard/community/community_insert.jsp?user_name=%EC%B1%84%EB%AF%BC%EA%B2%BD&user_pwd=1234&email=cmk33@&subject=%EB%AF%BC%EA%B2%BD&subject=%E3%85%87%E3%85%87%E3%85%87%E3%85%87%E3%85%87 HTTP/1.1" 200 25
0:0:0:0:0:0:0:1 - - [26/Jul/2019:16:05:59 +0900] "GET /miniboard/community/community_insert.jsp?user_name=%EC%B1%84%EB%AF%BC%EA%B2%BD&user_pwd=1234&email=cmk33@&subject=%EB%AF%BC%EA%B2%BD&subject=%E3%85%87%E3%85%87%E3%85%87%E3%85%87%E3%85%87 HTTP/1.1" 200 25
0:0:0:0:0:0:0:1 - - [26/Jul/2019:16:06:02 +0900] "GET /miniboard/input_com.html HTTP/1.1" 200 1153
0:0:0:0:0:0:0:1 - - [26/Jul/2019:16:06:02 +0900] "GET /miniboard/css/join.css HTTP/1.1" 304 -
0:0:0:0:0:0:0:1 - - [26/Jul/2019:16:06:06 +0900] "POST /miniboard/community/community_insert.jsp HTTP/1.1" 200 25
0:0:0:0:0:0:0:1 - - [26/Jul/2019:16:09:38 +0900] "GET /miniboard/input_com.html HTTP/1.1" 200 1238
0:0:0:0:0:0:0:1 - - [26/Jul/2019:16:09:38 +0900] "GET /miniboard/css/join.css HTTP/1.1" 304 -
0:0:0:0:0:0:0:1 - - [26/Jul/2019:16:10:53 +0900] "GET /miniboard/input_com.html HTTP/1.1" 200 1215
0:0:0:0:0:0:0:1 - - [26/Jul/2019:16:10:53 +0900] "GET /miniboard/css/join.css HTTP/1.1" 304 -
0:0:0:0:0:0:0:1 - - [26/Jul/2019:16:11:02 +0900] "POST /miniboard/community/community_insert.jsp HTTP/1.1" 200 23
0:0:0:0:0:0:0:1 - - [26/Jul/2019:16:12:11 +0900] "GET /miniboard/input_com.html HTTP/1.1" 304 -
0:0:0:0:0:0:0:1 - - [26/Jul/2019:16:12:11 +0900] "GET /miniboard/css/join.css HTTP/1.1" 200 175
0:0:0:0:0:0:0:1 - - [26/Jul/2019:16:12:34 +0900] "GET /miniboard/input_com.html HTTP/1.1" 304 -
0:0:0:0:0:0:0:1 - - [26/Jul/2019:16:12:34 +0900] "GET /miniboard/css/join.css HTTP/1.1" 200 178
0:0:0:0:0:0:0:1 - - [26/Jul/2019:16:19:41 +0900] "GET /miniboard/input_com.html HTTP/1.1" 200 1065
0:0:0:0:0:0:0:1 - - [26/Jul/2019:16:19:42 +0900] "GET /miniboard/css/join.css HTTP/1.1" 200 459
0:0:0:0:0:0:0:1 - - [26/Jul/2019:16:21:51 +0900] "GET /miniboard/input_com.html HTTP/1.1" 304 -
0:0:0:0:0:0:0:1 - - [26/Jul/2019:16:21:51 +0900] "GET /miniboard/css/join.css HTTP/1.1" 200 554
0:0:0:0:0:0:0:1 - - [26/Jul/2019:16:22:20 +0900] "POST /miniboard/community/community_insert.jsp HTTP/1.1" 200 23
0:0:0:0:0:0:0:1 - - [26/Jul/2019:16:34:23 +0900] "GET /miniboard/input_com.html HTTP/1.1" 304 -
0:0:0:0:0:0:0:1 - - [26/Jul/2019:16:34:23 +0900] "GET /miniboard/css/join.css HTTP/1.1" 200 601
0:0:0:0:0:0:0:1 - - [26/Jul/2019:16:34:34 +0900] "GET /miniboard/css/join.css HTTP/1.1" 304 -
0:0:0:0:0:0:0:1 - - [26/Jul/2019:16:35:20 +0900] "GET /miniboard/input_com.html HTTP/1.1" 200 1080
0:0:0:0:0:0:0:1 - - [26/Jul/2019:16:35:20 +0900] "GET /miniboard/css/join.css HTTP/1.1" 200 608
0:0:0:0:0:0:0:1 - - [26/Jul/2019:16:35:20 +0900] "GET /miniboard/input_com.html HTTP/1.1" 304 -
0:0:0:0:0:0:0:1 - - [26/Jul/2019:16:35:20 +0900] "GET /miniboard/css/join.css HTTP/1.1" 304 -
0:0:0:0:0:0:0:1 - - [26/Jul/2019:16:35:20 +0900] "GET /miniboard/input_com.html HTTP/1.1" 304 -
0:0:0:0:0:0:0:1 - - [26/Jul/2019:16:35:20 +0900] "GET /miniboard/css/join.css HTTP/1.1" 304 -
0:0:0:0:0:0:0:1 - - [26/Jul/2019:16:35:52 +0900] "GET /miniboard/input_com.html HTTP/1.1" 304 -
0:0:0:0:0:0:0:1 - - [26/Jul/2019:16:35:52 +0900] "GET /miniboard/css/join.css HTTP/1.1" 200 609
0:0:0:0:0:0:0:1 - - [26/Jul/2019:17:15:54 +0900] "GET /miniboard/input_com.html HTTP/1.1" 200 1080
0:0:0:0:0:0:0:1 - - [26/Jul/2019:17:15:54 +0900] "GET /miniboard/css/join.css HTTP/1.1" 304 -
127.0.0.1 - - [26/Jul/2019:17:16:35 +0900] "GET / HTTP/1.1" 404 1074
127.0.0.1 - - [26/Jul/2019:17:19:00 +0900] "GET / HTTP/1.1" 404 1074
0:0:0:0:0:0:0:1 - - [26/Jul/2019:17:19:01 +0900] "GET /pratice1/WEB-INF/classes/goods/DAO/GoodsDAO.java HTTP/1.1" 404 1047
0:0:0:0:0:0:0:1 - - [26/Jul/2019:17:19:14 +0900] "GET /pratice1/goods/goods_insert.jsp HTTP/1.1" 500 2783
127.0.0.1 - - [26/Jul/2019:17:19:34 +0900] "GET / HTTP/1.1" 404 1074
0:0:0:0:0:0:0:1 - - [26/Jul/2019:17:19:35 +0900] "GET /pratice1/goods/goods_insert.jsp HTTP/1.1" 500 2435
127.0.0.1 - - [26/Jul/2019:17:22:09 +0900] "GET / HTTP/1.1" 404 1074
192.168.0.5 - - [26/Jul/2019:17:22:24 +0900] "POST /miniboard/community/goods_insert.jsp HTTP/1.1" 404 1118
0:0:0:0:0:0:0:1 - - [26/Jul/2019:17:23:25 +0900] "GET /pratice1/goods/goods_insert.jsp HTTP/1.1" 500 2783
0:0:0:0:0:0:0:1 - - [26/Jul/2019:17:24:26 +0900] "GET /pratice1/goods/goods_insert.jsp HTTP/1.1" 500 2783
192.168.0.5 - - [26/Jul/2019:17:24:34 +0900] "POST /miniboard/community/goods_insert.jsp HTTP/1.1" 404 1118
127.0.0.1 - - [26/Jul/2019:17:26:32 +0900] "GET / HTTP/1.1" 404 1074
0:0:0:0:0:0:0:1 - - [26/Jul/2019:17:26:33 +0900] "GET /pratice1/goods/goods_insert.jsp HTTP/1.1" 500 2801
127.0.0.1 - - [26/Jul/2019:17:26:45 +0900] "GET / HTTP/1.1" 404 1074
192.168.0.5 - - [26/Jul/2019:17:26:50 +0900] "POST /miniboard/community/goods_insert.jsp HTTP/1.1" 404 1118
192.168.0.5 - - [26/Jul/2019:17:27:10 +0900] "POST /miniboard/goods/goods_insert.jsp HTTP/1.1" 404 1114
192.168.0.5 - - [26/Jul/2019:17:27:24 +0900] "POST /goods/goods_insert.jsp HTTP/1.1" 404 1100
192.168.0.5 - - [26/Jul/2019:17:28:04 +0900] "POST /practice1/goods/goods_insert.jsp HTTP/1.1" 404 1114
127.0.0.1 - - [26/Jul/2019:17:28:33 +0900] "GET / HTTP/1.1" 404 1074
127.0.0.1 - - [26/Jul/2019:17:29:23 +0900] "GET / HTTP/1.1" 404 1074
192.168.0.5 - - [26/Jul/2019:17:30:04 +0900] "POST /practice1/goods/goods_insert.jsp HTTP/1.1" 404 1114
192.168.0.5 - - [26/Jul/2019:17:30:50 +0900] "POST /practice1/goods/goods_insert.jsp HTTP/1.1" 404 1114
192.168.0.5 - - [26/Jul/2019:17:30:51 +0900] "POST /practice1/goods/goods_insert.jsp HTTP/1.1" 404 1114
192.168.0.5 - - [26/Jul/2019:17:30:51 +0900] "POST /practice1/goods/goods_insert.jsp HTTP/1.1" 404 1114
127.0.0.1 - - [26/Jul/2019:17:30:59 +0900] "GET / HTTP/1.1" 404 1074
127.0.0.1 - - [26/Jul/2019:17:31:53 +0900] "GET / HTTP/1.1" 404 1074
0:0:0:0:0:0:0:1 - - [26/Jul/2019:17:31:53 +0900] "GET /pratice1/test.html HTTP/1.1" 200 133
0:0:0:0:0:0:0:1 - - [26/Jul/2019:17:32:21 +0900] "POST /pratice1/goods/goods_index.jsp HTTP/1.1" 404 1112
0:0:0:0:0:0:0:1 - - [26/Jul/2019:17:32:22 +0900] "POST /pratice1/goods/goods_index.jsp HTTP/1.1" 404 1112
127.0.0.1 - - [26/Jul/2019:17:32:39 +0900] "GET / HTTP/1.1" 404 1074
0:0:0:0:0:0:0:1 - - [26/Jul/2019:17:32:47 +0900] "GET /pratice1/test.html HTTP/1.1" 304 -
0:0:0:0:0:0:0:1 - - [26/Jul/2019:17:32:48 +0900] "GET /pratice1/test.html HTTP/1.1" 304 -
0:0:0:0:0:0:0:1 - - [26/Jul/2019:17:32:58 +0900] "GET /pratice1/goods/goods_index.jsp HTTP/1.1" 404 1112
0:0:0:0:0:0:0:1 - - [26/Jul/2019:17:33:24 +0900] "POST /pratice1v/goods/goods_index.jsp HTTP/1.1" 404 1113
0:0:0:0:0:0:0:1 - - [26/Jul/2019:17:33:24 +0900] "POST /pratice1v/goods/goods_index.jsp HTTP/1.1" 404 1113
0:0:0:0:0:0:0:1 - - [26/Jul/2019:17:33:25 +0900] "POST /pratice1v/goods/goods_index.jsp HTTP/1.1" 404 1113
0:0:0:0:0:0:0:1 - - [26/Jul/2019:17:33:25 +0900] "POST /pratice1v/goods/goods_index.jsp HTTP/1.1" 404 1113
0:0:0:0:0:0:0:1 - - [26/Jul/2019:17:33:34 +0900] "GET /practice1/goods/goods_index.jsp HTTP/1.1" 404 1113
0:0:0:0:0:0:0:1 - - [26/Jul/2019:17:33:51 +0900] "GET /pratice1/test.html HTTP/1.1" 304 -
0:0:0:0:0:0:0:1 - - [26/Jul/2019:17:34:09 +0900] "POST /pratice1/goods/goods_insert.jsp HTTP/1.1" 500 2435
127.0.0.1 - - [26/Jul/2019:17:39:00 +0900] "GET / HTTP/1.1" 404 1074
0:0:0:0:0:0:0:1 - - [26/Jul/2019:17:39:00 +0900] "GET /pratice1/test.html HTTP/1.1" 304 -
0:0:0:0:0:0:0:1 - - [26/Jul/2019:17:39:04 +0900] "POST /pratice1/goods/goods_insert.jsp HTTP/1.1" 200 29
0:0:0:0:0:0:0:1 - - [26/Jul/2019:17:42:25 +0900] "POST /pratice1/goods/goods_delete.jsp HTTP/1.1" 200 46
0:0:0:0:0:0:0:1 - - [26/Jul/2019:17:45:31 +0900] "POST /pratice1/goods/goods_delete.jsp HTTP/1.1" 200 48
0:0:0:0:0:0:0:1 - - [26/Jul/2019:17:45:45 +0900] "POST /pratice1/goods/goods_delete.jsp HTTP/1.1" 200 48
127.0.0.1 - - [26/Jul/2019:17:46:05 +0900] "GET / HTTP/1.1" 404 1074
0:0:0:0:0:0:0:1 - - [26/Jul/2019:17:46:16 +0900] "POST /pratice1/goods/goods_delete.jsp HTTP/1.1" 200 48
0:0:0:0:0:0:0:1 - - [26/Jul/2019:17:47:13 +0900] "POST /pratice1/goods/goods_modify.jsp HTTP/1.1" 200 29
0:0:0:0:0:0:0:1 - - [26/Jul/2019:17:47:38 +0900] "POST /pratice1/goods/goods_modify.jsp HTTP/1.1" 200 27
0:0:0:0:0:0:0:1 - - [26/Jul/2019:17:52:54 +0900] "POST /pratice1/goods/goods_list.jsp HTTP/1.1" 500 2762
127.0.0.1 - - [26/Jul/2019:17:56:49 +0900] "GET / HTTP/1.1" 404 1074
0:0:0:0:0:0:0:1 - - [26/Jul/2019:17:56:50 +0900] "GET /pratice1/goods/goods_list.jsp HTTP/1.1" 500 2426
0:0:0:0:0:0:0:1 - - [26/Jul/2019:17:57:53 +0900] "POST /pratice1/goods/goods_list.jsp HTTP/1.1" 200 199
127.0.0.1 - - [26/Jul/2019:17:59:44 +0900] "GET / HTTP/1.1" 404 1074
0:0:0:0:0:0:0:1 - - [26/Jul/2019:17:59:53 +0900] "POST /pratice1/goods/goods_list.jsp HTTP/1.1" 200 169
0:0:0:0:0:0:0:1 - - [26/Jul/2019:18:00:27 +0900] "POST /pratice1/goods/goods_list.jsp HTTP/1.1" 200 169
127.0.0.1 - - [26/Jul/2019:18:00:42 +0900] "GET / HTTP/1.1" 404 1074
0:0:0:0:0:0:0:1 - - [26/Jul/2019:18:01:05 +0900] "POST /pratice1/goods/goods_list.jsp HTTP/1.1" 200 169
127.0.0.1 - - [26/Jul/2019:18:02:55 +0900] "GET / HTTP/1.1" 404 1074
0:0:0:0:0:0:0:1 - - [26/Jul/2019:18:02:57 +0900] "POST /pratice1/goods/goods_list.jsp HTTP/1.1" 200 169
0:0:0:0:0:0:0:1 - - [26/Jul/2019:18:05:18 +0900] "POST /pratice1/goods/goods_list.jsp HTTP/1.1" 200 169
127.0.0.1 - - [26/Jul/2019:18:05:47 +0900] "GET / HTTP/1.1" 404 1074
0:0:0:0:0:0:0:1 - - [26/Jul/2019:18:05:59 +0900] "GET /pratice1/goods/goods_list.jsp HTTP/1.1" 200 169
127.0.0.1 - - [26/Jul/2019:18:06:35 +0900] "GET / HTTP/1.1" 404 1074
0:0:0:0:0:0:0:1 - - [26/Jul/2019:18:06:36 +0900] "GET /pratice1/goods/goods_list.jsp HTTP/1.1" 200 169
0:0:0:0:0:0:0:1 - - [26/Jul/2019:18:10:59 +0900] "GET /pratice1/goods/goods_list.jsp HTTP/1.1" 200 689
0:0:0:0:0:0:0:1 - - [26/Jul/2019:18:17:09 +0900] "GET /pratice1/goods/goods_select.jsp HTTP/1.1" 500 2832
0:0:0:0:0:0:0:1 - - [26/Jul/2019:18:17:56 +0900] "POST /pratice1/goods/goods_select.jsp HTTP/1.1" 500 2832
127.0.0.1 - - [26/Jul/2019:18:18:20 +0900] "GET / HTTP/1.1" 404 1074
0:0:0:0:0:0:0:1 - - [26/Jul/2019:18:18:21 +0900] "GET /pratice1/goods/goods_select.jsp HTTP/1.1" 500 2437
127.0.0.1 - - [26/Jul/2019:18:18:52 +0900] "GET / HTTP/1.1" 404 1074
0:0:0:0:0:0:0:1 - - [26/Jul/2019:18:18:53 +0900] "GET /pratice1/goods/goods_select.jsp HTTP/1.1" 200 56
0:0:0:0:0:0:0:1 - - [26/Jul/2019:18:18:55 +0900] "POST /pratice1/goods/goods_select.jsp HTTP/1.1" 200 56
0:0:0:0:0:0:0:1 - - [26/Jul/2019:18:28:31 +0900] "GET /pratice1/goods/goods_select.jsp HTTP/1.1" 200 62
0:0:0:0:0:0:0:1 - - [26/Jul/2019:18:30:57 +0900] "GET /pratice1/goods/goods_select.jsp HTTP/1.1" 200 62
0:0:0:0:0:0:0:1 - - [26/Jul/2019:18:32:56 +0900] "GET /pratice1/goods/goods_select.jsp HTTP/1.1" 200 62
0:0:0:0:0:0:0:1 - - [26/Jul/2019:18:33:27 +0900] "GET /pratice1/goods/goods_select.jsp HTTP/1.1" 200 62
127.0.0.1 - - [26/Jul/2019:18:34:38 +0900] "GET / HTTP/1.1" 404 1074
0:0:0:0:0:0:0:1 - - [26/Jul/2019:18:34:39 +0900] "GET /pratice1/goods/goods_select.jsp HTTP/1.1" 200 62
0:0:0:0:0:0:0:1 - - [26/Jul/2019:18:35:38 +0900] "POST /pratice1/goods/goods_select.jsp HTTP/1.1" 200 62
0:0:0:0:0:0:0:1 - - [26/Jul/2019:18:36:49 +0900] "GET /pratice1/goods/goods_select.jsp HTTP/1.1" 200 55
127.0.0.1 - - [26/Jul/2019:18:38:48 +0900] "GET / HTTP/1.1" 404 1074
0:0:0:0:0:0:0:1 - - [26/Jul/2019:18:38:49 +0900] "GET /pratice1/WEB-INF/classes/goods/DAO/GoodsDAO.java HTTP/1.1" 404 1047
0:0:0:0:0:0:0:1 - - [26/Jul/2019:18:38:56 +0900] "GET /pratice1/goods/goods_select.jsp HTTP/1.1" 200 55
0:0:0:0:0:0:0:1 - - [26/Jul/2019:18:39:18 +0900] "GET /pratice1/goods/goods_select.jsp HTTP/1.1" 200 55
0:0:0:0:0:0:0:1 - - [26/Jul/2019:18:44:18 +0900] "GET /pratice1/goods/goods_select.jsp HTTP/1.1" 200 62
127.0.0.1 - - [26/Jul/2019:18:44:35 +0900] "GET / HTTP/1.1" 404 1074
0:0:0:0:0:0:0:1 - - [26/Jul/2019:18:44:37 +0900] "GET /miniboard/community/community_select.jsp HTTP/1.1" 200 71
0:0:0:0:0:0:0:1 - - [26/Jul/2019:18:47:09 +0900] "POST /pratice1/goods/goods_select.jsp HTTP/1.1" 200 62
127.0.0.1 - - [26/Jul/2019:18:48:31 +0900] "GET / HTTP/1.1" 404 1074
0:0:0:0:0:0:0:1 - - [26/Jul/2019:18:48:32 +0900] "GET /pratice1/WEB-INF/classes/goods/DAO/GoodsDAO.java HTTP/1.1" 404 1047
0:0:0:0:0:0:0:1 - - [26/Jul/2019:18:48:40 +0900] "GET /pratice1/goods/goods_select.jsp HTTP/1.1" 200 62
0:0:0:0:0:0:0:1 - - [26/Jul/2019:18:49:42 +0900] "GET /pratice1/WEB-INF/classes/goods/DAO/GoodsDAO.java HTTP/1.1" 404 1047
127.0.0.1 - - [26/Jul/2019:18:49:54 +0900] "GET / HTTP/1.1" 404 1074
0:0:0:0:0:0:0:1 - - [26/Jul/2019:18:49:55 +0900] "GET /pratice1/WEB-INF/classes/goods/DAO/GoodsDAO.java HTTP/1.1" 404 1047
127.0.0.1 - - [26/Jul/2019:18:50:17 +0900] "GET / HTTP/1.1" 404 1074
127.0.0.1 - - [26/Jul/2019:18:50:35 +0900] "GET / HTTP/1.1" 404 1074
0:0:0:0:0:0:0:1 - - [26/Jul/2019:18:50:47 +0900] "GET /pratice1/goods/goods_select.jsp HTTP/1.1" 200 62
127.0.0.1 - - [26/Jul/2019:18:54:30 +0900] "GET / HTTP/1.1" 404 1074
0:0:0:0:0:0:0:1 - - [26/Jul/2019:18:54:31 +0900] "GET /pratice1/goods/goods_select.jsp HTTP/1.1" 200 62
127.0.0.1 - - [26/Jul/2019:18:55:51 +0900] "GET / HTTP/1.1" 404 1074
0:0:0:0:0:0:0:1 - - [26/Jul/2019:18:55:52 +0900] "GET /pratice1/goods/goods_select.jsp HTTP/1.1" 200 62
0:0:0:0:0:0:0:1 - - [26/Jul/2019:18:56:51 +0900] "GET /pratice1/goods/goods_select.jsp HTTP/1.1" 200 62
0:0:0:0:0:0:0:1 - - [26/Jul/2019:18:57:40 +0900] "GET /pratice1/goods/goods_select.jsp HTTP/1.1" 200 62
0:0:0:0:0:0:0:1 - - [26/Jul/2019:19:00:19 +0900] "POST /pratice1/goods/goods_select.jsp HTTP/1.1" 200 62
0:0:0:0:0:0:0:1 - - [26/Jul/2019:19:00:29 +0900] "POST /pratice1/goods/goods_select.jsp HTTP/1.1" 200 62
0:0:0:0:0:0:0:1 - - [26/Jul/2019:19:00:41 +0900] "POST /pratice1/goods/goods_select.jsp HTTP/1.1" 200 62
0:0:0:0:0:0:0:1 - - [26/Jul/2019:19:00:42 +0900] "POST /pratice1/goods/goods_select.jsp HTTP/1.1" 200 62
0:0:0:0:0:0:0:1 - - [26/Jul/2019:19:00:42 +0900] "POST /pratice1/goods/goods_select.jsp HTTP/1.1" 200 62
0:0:0:0:0:0:0:1 - - [26/Jul/2019:19:00:42 +0900] "POST /pratice1/goods/goods_select.jsp HTTP/1.1" 200 62
0:0:0:0:0:0:0:1 - - [26/Jul/2019:19:00:43 +0900] "POST /pratice1/goods/goods_select.jsp HTTP/1.1" 200 62
0:0:0:0:0:0:0:1 - - [26/Jul/2019:19:00:43 +0900] "POST /pratice1/goods/goods_select.jsp HTTP/1.1" 200 62
0:0:0:0:0:0:0:1 - - [26/Jul/2019:19:01:03 +0900] "POST /pratice1/goods/goods_select.jsp HTTP/1.1" 200 62
0:0:0:0:0:0:0:1 - - [26/Jul/2019:19:01:04 +0900] "POST /pratice1/goods/goods_select.jsp HTTP/1.1" 200 62
0:0:0:0:0:0:0:1 - - [26/Jul/2019:19:01:04 +0900] "POST /pratice1/goods/goods_select.jsp HTTP/1.1" 200 62
0:0:0:0:0:0:0:1 - - [26/Jul/2019:19:01:05 +0900] "POST /pratice1/goods/goods_select.jsp HTTP/1.1" 200 62
0:0:0:0:0:0:0:1 - - [26/Jul/2019:19:01:05 +0900] "POST /pratice1/goods/goods_select.jsp HTTP/1.1" 200 62
0:0:0:0:0:0:0:1 - - [26/Jul/2019:19:01:14 +0900] "POST /pratice1/goods/goods_select.jsp HTTP/1.1" 200 62
0:0:0:0:0:0:0:1 - - [26/Jul/2019:19:01:16 +0900] "POST /pratice1/goods/goods_select.jsp HTTP/1.1" 200 62
0:0:0:0:0:0:0:1 - - [26/Jul/2019:19:01:17 +0900] "POST /pratice1/goods/goods_select.jsp HTTP/1.1" 200 62
0:0:0:0:0:0:0:1 - - [26/Jul/2019:19:01:17 +0900] "POST /pratice1/goods/goods_select.jsp HTTP/1.1" 200 62
0:0:0:0:0:0:0:1 - - [26/Jul/2019:19:01:17 +0900] "POST /pratice1/goods/goods_select.jsp HTTP/1.1" 200 62
0:0:0:0:0:0:0:1 - - [26/Jul/2019:19:01:17 +0900] "POST /pratice1/goods/goods_select.jsp HTTP/1.1" 200 62
0:0:0:0:0:0:0:1 - - [26/Jul/2019:19:01:18 +0900] "POST /pratice1/goods/goods_select.jsp HTTP/1.1" 200 62
0:0:0:0:0:0:0:1 - - [26/Jul/2019:19:02:24 +0900] "POST /pratice1/goods/goods_select.jsp HTTP/1.1" 200 62
0:0:0:0:0:0:0:1 - - [26/Jul/2019:19:03:44 +0900] "POST /pratice1/goods/goods_select.jsp HTTP/1.1" 200 62
0:0:0:0:0:0:0:1 - - [26/Jul/2019:19:03:47 +0900] "POST /pratice1/goods/goodddds_select.jsp HTTP/1.1" 404 1116
0:0:0:0:0:0:0:1 - - [26/Jul/2019:19:03:48 +0900] "POST /pratice1/goods/goodddds_select.jsp HTTP/1.1" 404 1116
0:0:0:0:0:0:0:1 - - [26/Jul/2019:19:03:58 +0900] "POST /pratice1/goods/goods_select.jsp HTTP/1.1" 200 62
127.0.0.1 - - [26/Jul/2019:19:08:50 +0900] "GET / HTTP/1.1" 404 1074
0:0:0:0:0:0:0:1 - - [26/Jul/2019:19:08:52 +0900] "GET /pratice1/goods/goods_select.jsp HTTP/1.1" 200 64
0:0:0:0:0:0:0:1 - - [26/Jul/2019:19:08:58 +0900] "POST /pratice1/goods/goods_select.jsp HTTP/1.1" 200 64
127.0.0.1 - - [26/Jul/2019:19:12:57 +0900] "GET / HTTP/1.1" 404 1074
0:0:0:0:0:0:0:1 - - [26/Jul/2019:19:12:58 +0900] "GET /pratice1/goods/goods_select.jsp HTTP/1.1" 200 64
0:0:0:0:0:0:0:1 - - [26/Jul/2019:19:13:06 +0900] "POST /pratice1/goods/goods_select.jsp HTTP/1.1" 200 64
0:0:0:0:0:0:0:1 - - [26/Jul/2019:19:13:06 +0900] "POST /pratice1/goods/goods_select.jsp HTTP/1.1" 200 64
0:0:0:0:0:0:0:1 - - [26/Jul/2019:19:13:07 +0900] "POST /pratice1/goods/goods_select.jsp HTTP/1.1" 200 64
0:0:0:0:0:0:0:1 - - [26/Jul/2019:19:13:07 +0900] "POST /pratice1/goods/goods_select.jsp HTTP/1.1" 200 64
0:0:0:0:0:0:0:1 - - [26/Jul/2019:19:13:07 +0900] "POST /pratice1/goods/goods_select.jsp HTTP/1.1" 200 64
0:0:0:0:0:0:0:1 - - [26/Jul/2019:19:13:07 +0900] "POST /pratice1/goods/goods_select.jsp HTTP/1.1" 200 64
127.0.0.1 - - [26/Jul/2019:19:13:18 +0900] "GET / HTTP/1.1" 404 1074
0:0:0:0:0:0:0:1 - - [26/Jul/2019:19:13:27 +0900] "POST /pratice1/goods/goods_select.jsp HTTP/1.1" 200 64
0:0:0:0:0:0:0:1 - - [26/Jul/2019:19:22:08 +0900] "GET /pratice1/goods/goods_select.jsp HTTP/1.1" 200 64
127.0.0.1 - - [26/Jul/2019:19:27:04 +0900] "GET / HTTP/1.1" 404 1074
0:0:0:0:0:0:0:1 - - [26/Jul/2019:19:27:05 +0900] "GET /pratice1/goods/goods_select.jsp HTTP/1.1" 200 45
0:0:0:0:0:0:0:1 - - [26/Jul/2019:19:27:16 +0900] "POST /pratice1/goods/goods_select.jsp HTTP/1.1" 200 45
0:0:0:0:0:0:0:1 - - [26/Jul/2019:19:27:17 +0900] "POST /pratice1/goods/goods_select.jsp HTTP/1.1" 200 45
0:0:0:0:0:0:0:1 - - [26/Jul/2019:19:27:17 +0900] "POST /pratice1/goods/goods_select.jsp HTTP/1.1" 200 45
127.0.0.1 - - [26/Jul/2019:19:30:32 +0900] "GET / HTTP/1.1" 404 1074
127.0.0.1 - - [26/Jul/2019:19:30:40 +0900] "GET / HTTP/1.1" 404 1074
0:0:0:0:0:0:0:1 - - [26/Jul/2019:19:30:42 +0900] "GET /miniboard/community/community_select.jsp HTTP/1.1" 200 71
0:0:0:0:0:0:0:1 - - [26/Jul/2019:19:30:47 +0900] "POST /miniboard/community/community_select.jsp HTTP/1.1" 200 71
0:0:0:0:0:0:0:1 - - [26/Jul/2019:19:31:08 +0900] "POST /miniboard/community/community_select.jsp HTTP/1.1" 200 71
0:0:0:0:0:0:0:1 - - [26/Jul/2019:19:31:09 +0900] "POST /miniboard/community/community_select.jsp HTTP/1.1" 200 71
0:0:0:0:0:0:0:1 - - [26/Jul/2019:19:31:10 +0900] "POST /miniboard/community/community_select.jsp HTTP/1.1" 200 71
0:0:0:0:0:0:0:1 - - [26/Jul/2019:19:31:40 +0900] "GET /miniboard/community/community_select.jsp HTTP/1.1" 200 71
0:0:0:0:0:0:0:1 - - [26/Jul/2019:19:32:28 +0900] "POST /miniboard/community/community_select.jsp HTTP/1.1" 200 71
0:0:0:0:0:0:0:1 - - [26/Jul/2019:19:32:42 +0900] "POST /miniboard/community/community_select.jsp HTTP/1.1" 200 71
0:0:0:0:0:0:0:1 - - [26/Jul/2019:19:32:43 +0900] "POST /miniboard/community/community_select.jsp HTTP/1.1" 200 71
0:0:0:0:0:0:0:1 - - [26/Jul/2019:19:32:43 +0900] "POST /miniboard/community/community_select.jsp HTTP/1.1" 200 71
0:0:0:0:0:0:0:1 - - [26/Jul/2019:19:32:44 +0900] "POST /miniboard/community/community_select.jsp HTTP/1.1" 200 71
0:0:0:0:0:0:0:1 - - [26/Jul/2019:19:32:44 +0900] "POST /miniboard/community/community_select.jsp HTTP/1.1" 200 71
0:0:0:0:0:0:0:1 - - [26/Jul/2019:19:32:44 +0900] "POST /miniboard/community/community_select.jsp HTTP/1.1" 200 71
0:0:0:0:0:0:0:1 - - [26/Jul/2019:19:32:44 +0900] "POST /miniboard/community/community_select.jsp HTTP/1.1" 200 71
0:0:0:0:0:0:0:1 - - [26/Jul/2019:19:32:45 +0900] "POST /miniboard/community/community_select.jsp HTTP/1.1" 200 71
0:0:0:0:0:0:0:1 - - [26/Jul/2019:19:34:07 +0900] "POST /practice1/goods/goods_select.jsp HTTP/1.1" 404 1114
0:0:0:0:0:0:0:1 - - [26/Jul/2019:19:35:11 +0900] "POST /practice1/goods/goods_select.jsp HTTP/1.1" 404 1114
0:0:0:0:0:0:0:1 - - [26/Jul/2019:19:35:28 +0900] "POST /practice1/goods/goods_select.jsp HTTP/1.1" 404 1114
127.0.0.1 - - [26/Jul/2019:19:35:49 +0900] "GET / HTTP/1.1" 404 1074
0:0:0:0:0:0:0:1 - - [26/Jul/2019:19:35:50 +0900] "GET /pratice1/goods/goods_select.jsp HTTP/1.1" 200 45
0:0:0:0:0:0:0:1 - - [26/Jul/2019:19:35:55 +0900] "POST /practice1/goods/goods_select.jsp HTTP/1.1" 404 1114
0:0:0:0:0:0:0:1 - - [26/Jul/2019:19:36:04 +0900] "POST /practice1/goods/goods_select.jsp HTTP/1.1" 404 1114
0:0:0:0:0:0:0:1 - - [26/Jul/2019:19:41:42 +0900] "POST /practice1/goods/goods_select.jsp HTTP/1.1" 404 1114
0:0:0:0:0:0:0:1 - - [26/Jul/2019:19:42:00 +0900] "POST /practice1/goods/goods_select.jsp HTTP/1.1" 404 1114
0:0:0:0:0:0:0:1 - - [26/Jul/2019:19:42:07 +0900] "POST /pratice1/goods/goods_select.jsp HTTP/1.1" 200 45
127.0.0.1 - - [26/Jul/2019:19:44:31 +0900] "GET / HTTP/1.1" 404 1074
0:0:0:0:0:0:0:1 - - [26/Jul/2019:19:45:11 +0900] "POST /pratice1/goods/goods_select.jsp HTTP/1.1" 200 64
0:0:0:0:0:0:0:1 - - [26/Jul/2019:19:46:34 +0900] "POST /pratice1/goods/goods_select.jsp HTTP/1.1" 200 64
0:0:0:0:0:0:0:1 - - [26/Jul/2019:19:46:47 +0900] "POST /pratice1/goods/goods_select.jsp HTTP/1.1" 200 64
0:0:0:0:0:0:0:1 - - [26/Jul/2019:19:46:48 +0900] "POST /pratice1/goods/goods_select.jsp HTTP/1.1" 200 64
0:0:0:0:0:0:0:1 - - [26/Jul/2019:19:46:49 +0900] "POST /pratice1/goods/goods_select.jsp HTTP/1.1" 200 64
0:0:0:0:0:0:0:1 - - [26/Jul/2019:19:47:10 +0900] "POST /pratice1/goods/goods_select.jsp HTTP/1.1" 200 138
0:0:0:0:0:0:0:1 - - [26/Jul/2019:19:47:26 +0900] "POST /pratice1/goods/goods_select.jsp HTTP/1.1" 200 138
0:0:0:0:0:0:0:1 - - [26/Jul/2019:19:47:46 +0900] "POST /pratice1/goods/goods_select.jsp HTTP/1.1" 200 137
127.0.0.1 - - [26/Jul/2019:19:49:47 +0900] "GET / HTTP/1.1" 404 1074
127.0.0.1 - - [26/Jul/2019:19:50:07 +0900] "GET / HTTP/1.1" 404 1074
0:0:0:0:0:0:0:1 - - [26/Jul/2019:19:50:10 +0900] "POST /miniboard/community/community_select.jsp HTTP/1.1" 200 256
